// Jest Snapshot v1, https://goo.gl/fbAQLP

exports[`webpack plugin package webpack4 1`] = `
[
  {
    "chunkNames": [],
    "chunks": [],
    "emitted": true,
    "info": {},
    "isOverSizeLimit": undefined,
    "name": "bundle-stats.html",
    "size": 0,
  },
  {
    "chunkNames": [
      "main",
    ],
    "chunks": [
      0,
    ],
    "emitted": true,
    "info": {},
    "isOverSizeLimit": undefined,
    "name": "main.js",
    "size": 956,
  },
]
`;
