// Jest Snapshot v1, https://goo.gl/fbAQLP

exports[`report / addRowMetricData should add data 1`] = `
[
  {
    "biggerIsBetter": false,
    "changed": true,
    "key": "webpack.totalSizeByTypeALL",
    "label": "Bundle Size",
    "runs": [
      {
        "delta": -10,
        "deltaPercentage": -9.09090909,
        "deltaType": "POSITIVE",
        "displayDelta": "-10B",
        "displayDeltaPercentage": "-9.09%",
        "displayValue": "100B",
        "regression": false,
        "value": 100,
      },
      {
        "displayValue": "110B",
        "value": 110,
      },
    ],
  },
  {
    "biggerIsBetter": false,
    "changed": true,
    "key": "webpack.duplicatePackagesCount",
    "label": "Duplicate Packages",
    "runs": [
      {
        "delta": 10,
        "deltaPercentage": 100,
        "deltaType": "HIGH_NEGATIVE",
        "displayDelta": "+10",
        "displayDeltaPercentage": "+100%",
        "displayValue": "10",
        "regression": true,
        "value": 10,
      },
      null,
    ],
  },
  {
    "biggerIsBetter": null,
    "changed": false,
    "key": "webpack.moduleCount",
    "label": "Modules",
    "runs": [
      {
        "delta": 0,
        "deltaPercentage": 0,
        "deltaType": "NO_CHANGE",
        "displayDelta": "0",
        "displayDeltaPercentage": "0%",
        "displayValue": "100",
        "regression": null,
        "value": 100,
      },
      {
        "displayValue": "100",
        "value": 100,
      },
    ],
  },
  {
    "biggerIsBetter": null,
    "changed": true,
    "key": "webpack.cacheInvalidation",
    "label": "Cache Invalidation",
    "runs": [
      null,
      {
        "displayValue": "10%",
        "value": 10,
      },
    ],
  },
]
`;

exports[`report / addRowMetricData should add data with metric type 1`] = `
[
  {
    "biggerIsBetter": false,
    "changed": true,
    "key": "metric1",
    "label": "metric1",
    "runs": [
      {
        "delta": -10,
        "deltaPercentage": -9.09090909,
        "deltaType": "POSITIVE",
        "displayDelta": "-10B",
        "displayDeltaPercentage": "-9.09%",
        "displayValue": "100B",
        "regression": false,
        "value": 100,
      },
      {
        "displayValue": "110B",
        "value": 110,
      },
    ],
  },
  {
    "biggerIsBetter": false,
    "changed": true,
    "key": "metric2",
    "label": "metric2",
    "runs": [
      {
        "delta": 10,
        "deltaPercentage": 100,
        "deltaType": "HIGH_NEGATIVE",
        "displayDelta": "+10B",
        "displayDeltaPercentage": "+100%",
        "displayValue": "10B",
        "regression": true,
        "value": 10,
      },
      null,
    ],
  },
  {
    "biggerIsBetter": false,
    "changed": true,
    "key": "metric3",
    "label": "metric3",
    "runs": [
      null,
      {
        "displayValue": "10B",
        "value": 10,
      },
    ],
  },
  {
    "biggerIsBetter": false,
    "changed": false,
    "key": "metric4",
    "label": "metric4",
    "runs": [
      {
        "delta": 0,
        "deltaPercentage": 0,
        "deltaType": "NO_CHANGE",
        "displayDelta": "0B",
        "displayDeltaPercentage": "0%",
        "displayValue": "100B",
        "regression": undefined,
        "value": 100,
      },
      {
        "displayValue": "100B",
        "value": 100,
      },
    ],
  },
]
`;
